1/4
2/4
100 5
4/4
100 5 12 14
Chunk: 100
Chunk: 14
Nullptr
5 12
2/4
