1
1/4
1 3
2/4
1 3 4 3 5
5/8
Nullptr
1 3 4 3 5
5/8
Chunk: 4
1 3 3 5
4/8
1 3 4 5 6
5/8
