1 2 4 8 16 32 64 128 256 512
10/16
11/16
Chunk: 512
1 2 4 8 16 32 64 128 256 1024
