16/16
Chunk: 12
12 12 12 23 34 12 23 1 1 2 3 4 2 1 2 1
16/16
Chunk: 12
Chunk: 12
15/32
12 23 34 12 23 1 1 2 3 4 2 1 2 1 8
