1 1 2 3 5 8 13 21 34 55
11/16
1 1 2 3 5 8 13 21 34 55 12
Chunk: 1
Chunk: 2
1 3 5 8 13 21 34 55 12
Chunk: 5
8/16
1 3 8 13 21 34 55 12
Chunk: 55
7/16
1 3 8 13 21 34 12
Nullptr
