20/32
1 0 1 2 5 2 1 3 1 2 5 2 1 3 1 2 5 2 1 3
Chunk: 1
Chunk: 2
0 1 5 2 1 3 1 2 5 2 1 3 1 2 5 2 1 3
Chunk: 1
Chunk: 5
Nullptr
16/32
0 2 1 3 1 2 5 2 1 3 1 2 5 2 1 3
Chunk: 3
0 2 1 1 2 5 2 1 3 1 2 5 2 1 3
