1 1 1 1 1 1 1 1 1 1 1
11/16
1 1 1 1 1 1 1 1 1 1 1 1 1 1 1 1
16/16
1 1 1 1 1 1 1 1 1 1 1 1 1 1 1 1 1
17/32
Nullptr
Nullptr
1 1 1 1 1 1 1 1 1 1 1 1 1 1 1 1 1
17/32
Chunk: 1
1 1 1 1 1 1 1 1 1 1 1 1 1 1 1 1
16/32
