10 5 4 2
10 5 4 2 45
5/8
Chunk: 10
5 4 2 45
Chunk: 45
5 4 2
3/8
Nullptr
